// Jest Snapshot v1, https://goo.gl/fbAQLP

exports[`VToolbarSideIcon.ts should create default icon when no slot used 1`] = `

<button type="button"
        class="v-app-bar__nav-icon v-btn v-btn--fab v-btn--flat v-btn--icon v-btn--round theme--light v-size--default"
>
  <span class="v-btn__content">
    <i aria-hidden="true"
       class="v-icon material-icons theme--light"
    >
      $vuetify.icons.menu
    </i>
  </span>
</button>

`;

exports[`VToolbarSideIcon.ts should create slot icon when present 1`] = `

<button type="button"
        class="v-app-bar__nav-icon v-btn v-btn--fab v-btn--flat v-btn--icon v-btn--round theme--light v-size--default"
>
  <span class="v-btn__content">
    <i aria-hidden="true"
       class="v-icon fa fa-add theme--light"
    >
    </i>
  </span>
</button>

`;
